System.ArgumentException: The following extensions don't start with dots: [txt, asp]