Replacements

start: 69399, text: 20110426104115-07'00'
start: 71047, text: 00000000000000000000000000000000
start: 71083, text: 00000000000000000000000000000000
